2018-12-10 08:23:14,226 - INFO - Current time: Mon Dec 10 08:23:14 2018
2018-12-10 08:23:16,232 - INFO - Current time: Mon Dec 10 08:23:16 2018
2018-12-10 08:23:18,233 - INFO - Current time: Mon Dec 10 08:23:18 2018
2018-12-10 08:23:20,235 - INFO - Current time: Mon Dec 10 08:23:20 2018
2018-12-10 08:23:22,236 - INFO - Current time: Mon Dec 10 08:23:22 2018
2018-12-10 08:23:25,008 - INFO - Current time: Mon Dec 10 08:23:25 2018
2018-12-10 08:23:28,738 - INFO - Current time: Mon Dec 10 08:23:28 2018
2018-12-10 08:23:30,740 - INFO - Current time: Mon Dec 10 08:23:30 2018
